main.c:75:6:RGBTurnOff	8	static
main.c:80:6:RGBTurnRED	8	static
main.c:85:6:RGBTurnBlue	8	static
main.c:90:6:RGBTurnGreen	8	static
main.c:96:6:printDecimal	32	static
main.c:103:6:printFloat	32	static
main.c:109:6:printHex	32	static
main.c:115:6:printString	16	static
main.c:118:6:printlnString	16	static
main.c:124:6:printAT_Comand_Error	16	static
main.c:128:5:str_cut	32	static
main.c:140:10:stringToInt	16	static
main.c:148:6:HAL_UART_RxCpltCallback	16	static
main.c:162:6:BQ25713Config	8	static
main.c:231:5:main	16	static
main.c:503:6:SystemClock_Config	72	static
main.c:536:13:MX_I2C1_Init	8	static
main.c:568:13:MX_I2C2_Init	8	static
main.c:600:13:MX_USART1_UART_Init	8	static
main.c:629:13:MX_DMA_Init	16	static
main.c:646:13:MX_GPIO_Init	40	static
main.c:681:6:Error_Handler	4	static,ignoring_inline_asm
