main.c:102:6:RGBTurnOff	8	static
main.c:107:6:RGBTurnRED	8	static
main.c:112:6:RGBTurnBlue	8	static
main.c:117:6:RGBTurnGreen	8	static
main.c:122:6:printDecimal	32	static
main.c:129:6:printFloat	32	static
main.c:135:6:printHex	32	static
main.c:141:6:printString	16	static
main.c:144:6:printlnString	16	static
main.c:150:6:printAT_Comand_Error	16	static
main.c:165:5:str_cut	32	static
main.c:177:10:stringToInt	16	static
main.c:185:6:HAL_UART_RxCpltCallback	16	static
main.c:199:6:MAX17320Config	16	static
main.c:288:5:main	16	static
main.c:709:6:SystemClock_Config	72	static
main.c:742:13:MX_I2C1_Init	8	static
main.c:774:13:MX_TIM1_Init	96	static
main.c:843:13:MX_USART1_UART_Init	8	static
main.c:872:13:MX_DMA_Init	16	static
main.c:889:13:MX_GPIO_Init	32	static
main.c:917:6:Error_Handler	8	static
